// Jest Snapshot v1, https://goo.gl/fbAQLP

exports[`renders correctly 1`] = `
<nav
  className="navbar navbar-expand-lg sticky-top navbar-light bg-light"
>
  <a
    className="navbar-brand"
    href=""
  >
    Grocery Co.
  </a>
  <div
    className="collapse navbar-collapse d-flex flex-row-reverse"
    id="navbarNavAltMarkup"
  >
    <div
      className="navbar-nav"
    />
  </div>
</nav>
`;
